Archive member included because of file (symbol)

C:/WinAVR/lib/gcc/avr/3.4.6/avr5\libgcc.a(_divmodhi4.o)
                              ldx2.o (__divmodhi4)
C:/WinAVR/lib/gcc/avr/3.4.6/avr5\libgcc.a(_clear_bss.o)
                              ldx2.o (__do_clear_bss)
C:/WinAVR/lib/gcc/avr/3.4.6/avr5\libgcc.a(_udivmodhi4.o)
                              C:/WinAVR/lib/gcc/avr/3.4.6/avr5\libgcc.a(_divmodhi4.o) (__udivmodhi4)

Allocating common symbols
Common symbol       size              file

buffer              0x7               ldx2.o

Memory Configuration

Name             Origin             Length             Attributes
text             0x00000000         0x00020000         xr
data             0x00800060         0x0000ffa0         rw !x
eeprom           0x00810000         0x00010000         rw !x
*default*        0x00000000         0xffffffff

Linker script and memory map

Address of section .data set to 0x800100
LOAD C:/WinAVR/bin/../lib/gcc/avr/3.4.6/../../../../avr/lib/avr5/crtm128.o
LOAD ldx2.o
LOAD C:/WinAVR/lib/gcc/avr/3.4.6/avr5\libgcc.a
LOAD C:/WinAVR/bin/../lib/gcc/avr/3.4.6/../../../../avr/lib/avr5\libc.a
LOAD C:/WinAVR/lib/gcc/avr/3.4.6/avr5\libgcc.a

.hash
 *(.hash)

.dynsym
 *(.dynsym)

.dynstr
 *(.dynstr)

.gnu.version
 *(.gnu.version)

.gnu.version_d
 *(.gnu.version_d)

.gnu.version_r
 *(.gnu.version_r)

.rel.init
 *(.rel.init)

.rela.init
 *(.rela.init)

.rel.text
 *(.rel.text)
 *(.rel.text.*)
 *(.rel.gnu.linkonce.t*)

.rela.text
 *(.rela.text)
 *(.rela.text.*)
 *(.rela.gnu.linkonce.t*)

.rel.fini
 *(.rel.fini)

.rela.fini
 *(.rela.fini)

.rel.rodata
 *(.rel.rodata)
 *(.rel.rodata.*)
 *(.rel.gnu.linkonce.r*)

.rela.rodata
 *(.rela.rodata)
 *(.rela.rodata.*)
 *(.rela.gnu.linkonce.r*)

.rel.data
 *(.rel.data)
 *(.rel.data.*)
 *(.rel.gnu.linkonce.d*)

.rela.data
 *(.rela.data)
 *(.rela.data.*)
 *(.rela.gnu.linkonce.d*)

.rel.ctors
 *(.rel.ctors)

.rela.ctors
 *(.rela.ctors)

.rel.dtors
 *(.rel.dtors)

.rela.dtors
 *(.rela.dtors)

.rel.got
 *(.rel.got)

.rela.got
 *(.rela.got)

.rel.bss
 *(.rel.bss)

.rela.bss
 *(.rela.bss)

.rel.plt
 *(.rel.plt)

.rela.plt
 *(.rela.plt)

.text           0x00000000      0x464
 *(.vectors)
 .vectors       0x00000000       0x8c C:/WinAVR/bin/../lib/gcc/avr/3.4.6/../../../../avr/lib/avr5/crtm128.o
                0x00000000                __vectors
                0x00000000                __vector_default
                0x0000008c                __ctors_start = .
 *(.ctors)
                0x0000008c                __ctors_end = .
                0x0000008c                __dtors_start = .
 *(.dtors)
                0x0000008c                __dtors_end = .
 *(.progmem.gcc*)
 *(.progmem*)
                0x0000008c                . = ALIGN (0x2)
 *(.init0)
 *(.init1)
 *(.init2)
 .init2         0x0000008c        0xc C:/WinAVR/bin/../lib/gcc/avr/3.4.6/../../../../avr/lib/avr5/crtm128.o
 *(.init3)
 *(.init4)
 .init4         0x00000098       0x1a C:/WinAVR/bin/../lib/gcc/avr/3.4.6/../../../../avr/lib/avr5/crtm128.o
                0x00000098                __do_copy_data
 .init4         0x000000b2       0x10 C:/WinAVR/lib/gcc/avr/3.4.6/avr5\libgcc.a(_clear_bss.o)
                0x000000b2                __do_clear_bss
 *(.init5)
 *(.init6)
 *(.init7)
 *(.init8)
 *(.init9)
 .init9         0x000000c2        0x4 C:/WinAVR/bin/../lib/gcc/avr/3.4.6/../../../../avr/lib/avr5/crtm128.o
 *(.text)
 .text          0x000000c6        0x4 C:/WinAVR/bin/../lib/gcc/avr/3.4.6/../../../../avr/lib/avr5/crtm128.o
                0x000000c6                __vector_22
                0x000000c6                __vector_28
                0x000000c6                __vector_1
                0x000000c6                __vector_32
                0x000000c6                __vector_34
                0x000000c6                __vector_24
                0x000000c6                __vector_12
                0x000000c6                __bad_interrupt
                0x000000c6                __vector_6
                0x000000c6                __vector_31
                0x000000c6                __vector_3
                0x000000c6                __vector_23
                0x000000c6                __vector_30
                0x000000c6                __vector_25
                0x000000c6                __vector_11
                0x000000c6                __vector_13
                0x000000c6                __vector_17
                0x000000c6                __vector_7
                0x000000c6                __vector_27
                0x000000c6                __vector_5
                0x000000c6                __vector_33
                0x000000c6                __vector_4
                0x000000c6                __vector_9
                0x000000c6                __vector_2
                0x000000c6                __vector_15
                0x000000c6                __vector_29
                0x000000c6                __vector_8
                0x000000c6                __vector_26
                0x000000c6                __vector_14
                0x000000c6                __vector_10
                0x000000c6                __vector_16
                0x000000c6                __vector_20
 .text          0x000000ca      0x34c ldx2.o
                0x0000020a                port_init
                0x000002fe                cbWrite
                0x00000258                init_devices
                0x000003c0                cbIsEmpty
                0x0000034e                cbRead
                0x0000010c                __vector_19
                0x00000214                USART_Init
                0x00000104                USART_Transmit
                0x0000026a                main
                0x000001ca                __vector_21
                0x00000242                ADC_Init
                0x0000038c                cbIsFull
                0x000002f4                USART_Receive
                0x000000e8                _strlen
                0x000003dc                _rotl
                0x000000ca                __vector_18
                0x00000416                . = ALIGN (0x2)
 *(.text.*)
 .text.libgcc   0x00000416       0x26 C:/WinAVR/lib/gcc/avr/3.4.6/avr5\libgcc.a(_divmodhi4.o)
                0x00000416                __divmodhi4
                0x00000416                _div
 .text.libgcc   0x0000043c       0x28 C:/WinAVR/lib/gcc/avr/3.4.6/avr5\libgcc.a(_udivmodhi4.o)
                0x0000043c                __udivmodhi4
                0x00000464                . = ALIGN (0x2)
 *(.fini9)
 *(.fini8)
 *(.fini7)
 *(.fini6)
 *(.fini5)
 *(.fini4)
 *(.fini3)
 *(.fini2)
 *(.fini1)
 *(.fini0)
                0x00000464                _etext = .

.data           0x00800100       0x28 load address 0x00000464
                0x00800100                PROVIDE (__data_start, .)
 *(.data)
 .data          0x00800100       0x28 ldx2.o
                0x00800102                tx_complete
                0x00800100                rx_delay
 *(.gnu.linkonce.d*)
                0x00800128                . = ALIGN (0x2)
                0x00800128                _edata = .
                0x00800128                PROVIDE (__data_end, .)

.bss            0x00800128        0x9
                0x00800128                PROVIDE (__bss_start, .)
 *(.bss)
 .bss           0x00800128        0x2 ldx2.o
                0x00800128                decnum
 *(COMMON)
 COMMON         0x0080012a        0x7 ldx2.o
                0x0080012a                buffer
                0x00800131                PROVIDE (__bss_end, .)
                0x00000464                __data_load_start = LOADADDR (.data)
                0x0000048c                __data_load_end = (__data_load_start + SIZEOF (.data))

.noinit         0x00800131        0x0
                0x00800131                PROVIDE (__noinit_start, .)
 *(.noinit*)
                0x00800131                PROVIDE (__noinit_end, .)
                0x00800131                _end = .
                0x00800131                PROVIDE (__heap_start, .)

.eeprom         0x00810000        0x0
 *(.eeprom*)
                0x00810000                __eeprom_end = .

.stab           0x00000000      0x408
 *(.stab)
 .stab          0x00000000      0x408 C:/WinAVR/bin/../lib/gcc/avr/3.4.6/../../../../avr/lib/avr5/crtm128.o

.stabstr        0x00000000       0x84
 *(.stabstr)
 .stabstr       0x00000000       0x84 C:/WinAVR/bin/../lib/gcc/avr/3.4.6/../../../../avr/lib/avr5/crtm128.o

.stab.excl
 *(.stab.excl)

.stab.exclstr
 *(.stab.exclstr)

.stab.index
 *(.stab.index)

.stab.indexstr
 *(.stab.indexstr)

.comment
 *(.comment)

.debug
 *(.debug)

.line
 *(.line)

.debug_srcinfo
 *(.debug_srcinfo)

.debug_sfnames
 *(.debug_sfnames)

.debug_aranges  0x00000000       0x14
 *(.debug_aranges)
 .debug_aranges
                0x00000000       0x14 ldx2.o

.debug_pubnames
                0x00000000      0x126
 *(.debug_pubnames)
 .debug_pubnames
                0x00000000      0x126 ldx2.o

.debug_info     0x00000000      0x3c6
 *(.debug_info)
 .debug_info    0x00000000      0x3c6 ldx2.o
 *(.gnu.linkonce.wi.*)

.debug_abbrev   0x00000000      0x14c
 *(.debug_abbrev)
 .debug_abbrev  0x00000000      0x14c ldx2.o

.debug_line     0x00000000      0x2bb
 *(.debug_line)
 .debug_line    0x00000000      0x2bb ldx2.o

.debug_frame
 *(.debug_frame)

.debug_str      0x00000000      0x197
 *(.debug_str)
 .debug_str     0x00000000      0x197 ldx2.o
                                0x1d0 (size before relaxing)

.debug_loc
 *(.debug_loc)

.debug_macinfo
 *(.debug_macinfo)
OUTPUT(ldx2.elf elf32-avr)
